  {
    "data": {
      "type": "depositAccount",
      "id": "716913",
      "attributes": {
        "name": "April Dddd",
        "createdAt": "2022-09-02T13:29:41.454Z",
        "routingNumber": "812345678",
        "accountNumber": "1000703129",
        "depositProduct": "checking",
        "balance": 0,
        "hold": 0,
        "available": 0,
        "tags": {
          "purpose": "checking"
        },
        "currency": "USD",
        "status": "Open"
      },
      "relationships": {
        "customer": {
          "data": {
            "type": "customer",
            "id": "515994"
          }
        }
      }
    }
  }
