  {
    "data": {
      "type": "individualApplication",
      "attributes": {
        "ssn": "721074426",
        "fullName": {
          "first": "Peter",
          "last": "Parker"
        },
        "dateOfBirth": "2001-08-10",
        "address": {
          "street": "20 Ingram St",
          "city": "Forest Hills",
          "state": "NY",
          "postalCode": "11375",
          "country": "US"
        },
        "email": "peter@oscorp.com",
        "phone": {
          "countryCode": "1",
          "number": "5555555555"
        },
        "ip": "127.0.0.1",
        "soleProprietorship": true,
        "ein": "123456789",
        "dba": "Piedpiper Inc",
        "tags": {
          "userId": "106a75e9-de77-4e25-9561-faffe59d7814"
        },
        "idempotencyKey": "3a1a33be-4e12-4603-9ed0-820922389fb8"
      }
    }
  }
