{
  "data": [
    {
      "id": "269",
      "type": "account.created",
      "attributes": {
        "createdAt": "2021-04-13T07:40:43.813Z",
        "tags": {
          "tag": "value"
        }
      },
      "relationships": {
        "account": {
          "data": {
            "id": "10004",
            "type": "depositAccount"
          }
        },
        "customer": {
          "data": {
            "id": "10000",
            "type": "customer"
          }
        }
      }
    }
  ]
}
