{
  "data": [
    {
      "id": "1337",
      "type": "receivedPayment.created",
      "attributes": {
        "createdAt": "2021-06-06T09:09:15.247Z",
        "status": "Pending",
        "type": "Ach",
        "amount": 500000,
        "completionDate": "2020-07-30",
        "companyName": "UBER LTD",
        "counterpartyRoutingNumber": "051402372",
        "description": "paycheck",
        "traceNumber": "123456789123456",
        "secCode": "PPD",
        "addenda": "",
        "tags": {
          "tag": "value"
        }
      },
      "relationships": {
        "receivedPayment": {
          "data": {
            "id": "122",
            "type": "receivedPayment"
          }
        },
        "account": {
          "data": {
            "id": "10001",
            "type": "account"
          }
        },
        "customer": {
          "data": {
            "id": "10000",
            "type": "customer"
          }
        }
      }
    }
  ]
}
