{
  "data": {
    "type": "achPayment",
    "attributes": {
      "idempotencyKey": "GoldenFile-CreateLinkedPaymentRequest.json",
      "amount": 10000,
      "direction": "Credit",
      "description": "Funding"
    },
    "relationships": {
      "account": {
        "data": {
          "type": "depositAccount",
          "id": "555"
        }
      },
      "counterparty": {
        "data": {
          "type": "counterparty",
          "id": "4567"
        }
      }
    }
  }
}
